// Jest Snapshot v1, https://goo.gl/fbAQLP

exports[`Spinner render Spinner 1`] = `
<section
  className="spinner"
>
  ...Loading
</section>
`;
